{
    "-profile test --samtools_collate_fast": {
        "content": [
            30,
            {
                "CAT_FASTQ": {
                    "cat": 9.5
                },
                "CHECK_IF_PAIRED_END": {
                    "samtools": 1.2
                },
                "COLLATE_FASTQ_MAP": {
                    "samtools": 1.2
                },
                "COLLATE_FASTQ_UNMAP": {
                    "samtools": 1.2
                },
                "FASTQC_POST_CONVERSION": {
                    "fastqc": "0.12.1"
                },
                "FASTQC_PRE_CONVERSION": {
                    "fastqc": "0.12.1"
                },
                "SAMTOOLS_FAIDX": {
                    "samtools": 1.2
                },
                "SAMTOOLS_FLAGSTAT": {
                    "samtools": 1.2
                },
                "SAMTOOLS_IDXSTATS": {
                    "samtools": 1.2
                },
                "SAMTOOLS_MERGE_UNMAP": {
                    "samtools": 1.2
                },
                "SAMTOOLS_STATS": {
                    "samtools": 1.2
                },
                "SAMTOOLS_VIEW_MAP_MAP": {
                    "samtools": 1.2
                },
                "SAMTOOLS_VIEW_MAP_UNMAP": {
                    "samtools": 1.2
                },
                "SAMTOOLS_VIEW_UNMAP_MAP": {
                    "samtools": 1.2
                },
                "SAMTOOLS_VIEW_UNMAP_UNMAP": {
                    "samtools": 1.2
                },
                "Workflow": {
                    "nf-core/bamtofastq": "v2.1.2dev"
                }
            },
            [
                "fastqc",
                "fastqc/test.post_conversion_1_fastqc.html",
                "fastqc/test.post_conversion_1_fastqc.zip",
                "fastqc/test.post_conversion_2_fastqc.html",
                "fastqc/test.post_conversion_2_fastqc.zip",
                "fastqc/test.pre_conversion_fastqc.html",
                "fastqc/test.pre_conversion_fastqc.zip",
                "fastqc/test2.post_conversion_1_fastqc.html",
                "fastqc/test2.post_conversion_1_fastqc.zip",
                "fastqc/test2.post_conversion_2_fastqc.html",
                "fastqc/test2.post_conversion_2_fastqc.zip",
                "fastqc/test2.pre_conversion_fastqc.html",
                "fastqc/test2.pre_conversion_fastqc.zip",
                "multiqc",
                "multiqc/multiqc_data",
                "multiqc/multiqc_data/multiqc.log",
                "multiqc/multiqc_data/multiqc_citations.txt",
                "multiqc/multiqc_data/multiqc_data.json",
                "multiqc/multiqc_data/multiqc_software_versions.txt",
                "multiqc/multiqc_data/multiqc_sources.txt",
                "multiqc/multiqc_report.html",
                "pipeline_info",
                "pipeline_info/nf_core_bamtofastq_software_mqc_versions.yml",
                "reads",
                "reads/test2_1.merged.fastq.gz",
                "reads/test2_2.merged.fastq.gz",
                "reads/test_1.merged.fastq.gz",
                "reads/test_2.merged.fastq.gz",
                "samtools",
                "samtools/test.flagstat",
                "samtools/test.idxstats",
                "samtools/test.stats",
                "samtools/test2.flagstat",
                "samtools/test2.idxstats",
                "samtools/test2.stats"
            ],
            [
                "multiqc_citations.txt:md5,4c806e63a283ec1b7e78cdae3a923d4f",
                "test2_1.merged.fastq.gz:md5,26409a6c8b02187ae9b46811ec71e050",
                "test2_2.merged.fastq.gz:md5,8dfbb19778dbd09c6d0afe1735f17a2f",
                "test_1.merged.fastq.gz:md5,14b8e5410ced02d2618657c4167112c7",
                "test_2.merged.fastq.gz:md5,f02e1a72b6749df8115ac59b49eb55db",
                "test.flagstat:md5,a53f3d26e2e9851f7d528442bbfe9781",
                "test.idxstats:md5,e179601fa7b8ebce81ac3765206f6c15",
                "test.stats:md5,5ab271ccc206636cf3e1f64787d958a4",
                "test2.flagstat:md5,acbd95030a362a7e6491faa87d1b9c2c",
                "test2.idxstats:md5,90f01313bc89c7fd096aad051cd71b66",
                "test2.stats:md5,95c4e750b9ce6cd01e9cf64c1596cf53"
            ],
            "No BAM files",
            "No CRAM files"
        ],
        "meta": {
            "nf-test": "0.9.2",
            "nextflow": "24.10.4"
        },
        "timestamp": "2025-05-05T15:18:39.381731"
    }
}