{
    "-profile test": {
        "content": [
            7,
            {
                "FASTQC_PRE_CONVERSION": {
                    "fastqc": "0.12.1"
                },
                "SAMTOOLS_FLAGSTAT": {
                    "samtools": "1.23.1"
                },
                "SAMTOOLS_IDXSTATS": {
                    "samtools": "1.23.1"
                }
            },
            [
                "fastqc",
                "fastqc/test.pre_conversion_fastqc.html",
                "fastqc/test.pre_conversion_fastqc.zip",
                "fastqc/test2.pre_conversion_fastqc.html",
                "fastqc/test2.pre_conversion_fastqc.zip",
                "multiqc",
                "multiqc/multiqc_data",
                "multiqc/multiqc_data/llms-full.txt",
                "multiqc/multiqc_data/multiqc.log",
                "multiqc/multiqc_data/multiqc.parquet",
                "multiqc/multiqc_data/multiqc_citations.txt",
                "multiqc/multiqc_data/multiqc_data.json",
                "multiqc/multiqc_data/multiqc_software_versions.txt",
                "multiqc/multiqc_data/multiqc_sources.txt",
                "multiqc/multiqc_report.html",
                "pipeline_info",
                "pipeline_info/nf_core_bamtofastq_software_mqc_versions.yml",
                "samtools",
                "samtools/test.flagstat",
                "samtools/test.idxstats",
                "samtools/test2.flagstat",
                "samtools/test2.idxstats"
            ],
            [
                "multiqc_citations.txt:md5,4c806e63a283ec1b7e78cdae3a923d4f",
                "test.flagstat:md5,a53f3d26e2e9851f7d528442bbfe9781",
                "test.idxstats:md5,e179601fa7b8ebce81ac3765206f6c15",
                "test2.flagstat:md5,acbd95030a362a7e6491faa87d1b9c2c",
                "test2.idxstats:md5,90f01313bc89c7fd096aad051cd71b66"
            ],
            "No BAM files",
            "No CRAM files"
        ],
        "timestamp": "2026-05-04T15:07:29.686456",
        "meta": {
            "nf-test": "0.9.5",
            "nextflow": "26.04.0"
        }
    }
}