{
    "-profile test --no_stats": {
        "content": [
            24,
            {
                "CAT_FASTQ": {
                    "cat": 8.3
                },
                "CHECK_IF_PAIRED_END": {
                    "samtools": 1.2
                },
                "COLLATE_FASTQ_MAP": {
                    "samtools": 1.2
                },
                "COLLATE_FASTQ_UNMAP": {
                    "samtools": 1.2
                },
                "FASTQC_POST_CONVERSION": {
                    "fastqc": "0.12.1"
                },
                "FASTQC_PRE_CONVERSION": {
                    "fastqc": "0.12.1"
                },
                "SAMTOOLS_FAIDX": {
                    "samtools": 1.2
                },
                "SAMTOOLS_MERGE_UNMAP": {
                    "samtools": 1.2
                },
                "SAMTOOLS_VIEW_MAP_MAP": {
                    "samtools": 1.2
                },
                "SAMTOOLS_VIEW_MAP_UNMAP": {
                    "samtools": 1.2
                },
                "SAMTOOLS_VIEW_UNMAP_MAP": {
                    "samtools": 1.2
                },
                "SAMTOOLS_VIEW_UNMAP_UNMAP": {
                    "samtools": 1.2
                },
                "Workflow": {
                    "nf-core/bamtofastq": "v2.1.2dev"
                }
            },
            [
                "fastqc",
                "fastqc/test.post_conversion_1_fastqc.html",
                "fastqc/test.post_conversion_1_fastqc.zip",
                "fastqc/test.post_conversion_2_fastqc.html",
                "fastqc/test.post_conversion_2_fastqc.zip",
                "fastqc/test.pre_conversion_fastqc.html",
                "fastqc/test.pre_conversion_fastqc.zip",
                "fastqc/test2.post_conversion_1_fastqc.html",
                "fastqc/test2.post_conversion_1_fastqc.zip",
                "fastqc/test2.post_conversion_2_fastqc.html",
                "fastqc/test2.post_conversion_2_fastqc.zip",
                "fastqc/test2.pre_conversion_fastqc.html",
                "fastqc/test2.pre_conversion_fastqc.zip",
                "multiqc",
                "multiqc/multiqc_data",
                "multiqc/multiqc_data/multiqc.log",
                "multiqc/multiqc_data/multiqc_citations.txt",
                "multiqc/multiqc_data/multiqc_data.json",
                "multiqc/multiqc_data/multiqc_software_versions.txt",
                "multiqc/multiqc_data/multiqc_sources.txt",
                "multiqc/multiqc_report.html",
                "pipeline_info",
                "pipeline_info/nf_core_bamtofastq_software_mqc_versions.yml",
                "reads",
                "reads/test2_1.merged.fastq.gz",
                "reads/test2_2.merged.fastq.gz",
                "reads/test_1.merged.fastq.gz",
                "reads/test_2.merged.fastq.gz"
            ],
            [
                "multiqc_citations.txt:md5,4c806e63a283ec1b7e78cdae3a923d4f",
                "test2_1.merged.fastq.gz:md5,a4984fb5a60f80ccbfbfcf1cef9daaf3",
                "test2_2.merged.fastq.gz:md5,bde23801e2d60604afb3bd0b0ab014ab",
                "test_1.merged.fastq.gz:md5,9b0c08862a5e47e842a485ddad31b871",
                "test_2.merged.fastq.gz:md5,40e17982d1231e561d6420234ae29357"
            ],
            "No BAM files",
            "No CRAM files"
        ],
        "meta": {
            "nf-test": "0.9.2",
            "nextflow": "24.10.4"
        },
        "timestamp": "2025-05-05T11:31:03.031215"
    }
}