{
    "sarscov2 - bam - indexed": {
        "content": [
            {
                "ch_input_indexed": [
                    [
                        {
                            "id": "test",
                            "index": true
                        },
                        "/nf-core/test-datasets/modules/data/genomics/sarscov2/illumina/bam/test.paired_end.sorted.bam",
                        "/nf-core/test-datasets/modules/data/genomics/sarscov2/illumina/bam/test.paired_end.sorted.bam.bai"
                    ]
                ],
                "fasta_fai": [
                    [
                        {
                            "id": "fasta",
                            "index": true
                        },
                        "/nf-core/test-datasets/modules/data/genomics/sarscov2/genome/genome.fasta",
                        "/nf-core/test-datasets/modules/data/genomics/sarscov2/genome/genome.fasta.fai"
                    ]
                ]
            }
        ],
        "timestamp": "2026-05-06T15:16:35.143963",
        "meta": {
            "nf-test": "0.9.5",
            "nextflow": "26.04.0"
        }
    },
    "sarscov2 - bam - indexed - stub": {
        "content": [
            {
                "ch_input_indexed": [
                    [
                        {
                            "id": "test",
                            "index": true
                        },
                        "/nf-core/test-datasets/modules/data/genomics/sarscov2/illumina/bam/test.paired_end.sorted.bam",
                        "/nf-core/test-datasets/modules/data/genomics/sarscov2/illumina/bam/test.paired_end.sorted.bam.bai"
                    ]
                ],
                "fasta_fai": [
                    [
                        {
                            "id": "fasta",
                            "index": true
                        },
                        "/nf-core/test-datasets/modules/data/genomics/sarscov2/genome/genome.fasta",
                        "/nf-core/test-datasets/modules/data/genomics/sarscov2/genome/genome.fasta.fai"
                    ]
                ]
            }
        ],
        "timestamp": "2026-05-06T15:16:55.729674",
        "meta": {
            "nf-test": "0.9.5",
            "nextflow": "26.04.0"
        }
    },
    "sarscov2 - bam - to_index_bam_fasta": {
        "content": [
            {
                "ch_input_indexed": [
                    [
                        {
                            "id": "test",
                            "index": false
                        },
                        "/nf-core/test-datasets/modules/data/genomics/sarscov2/illumina/bam/test.paired_end.sorted.bam",
                        "test.paired_end.sorted.bam.bai:md5,704c10dd1326482448ca3073fdebc2f4"
                    ]
                ],
                "fasta_fai": [
                    [
                        {
                            "id": "fasta",
                            "index": false
                        },
                        "/nf-core/test-datasets/modules/data/genomics/sarscov2/genome/genome.fasta",
                        [
                            
                        ],
                        "genome.fasta.fai:md5,9da2a56e2853dc8c0b86a9e7229c9fe5"
                    ]
                ]
            }
        ],
        "timestamp": "2026-05-06T15:18:56.566827",
        "meta": {
            "nf-test": "0.9.5",
            "nextflow": "26.04.0"
        }
    },
    "human - cram - to_index_cram_fasta": {
        "content": [
            {
                "ch_input_indexed": [
                    [
                        {
                            "id": "test",
                            "index": false
                        },
                        "/nf-core/test-datasets/modules/data/genomics/homo_sapiens/illumina/cram/test.paired_end.sorted.cram",
                        "test.paired_end.sorted.cram.crai:md5,31ffc1b11f53210e4ac0d55092de0652"
                    ]
                ],
                "fasta_fai": [
                    [
                        {
                            "id": "fasta",
                            "index": false
                        },
                        "/nf-core/test-datasets/modules/data/genomics/homo_sapiens/genome/genome.fasta",
                        [
                            
                        ],
                        "genome.fasta.fai:md5,3520cd30e1b100e55f578db9c855f685"
                    ]
                ]
            }
        ],
        "timestamp": "2026-05-06T15:18:18.703711",
        "meta": {
            "nf-test": "0.9.5",
            "nextflow": "26.04.0"
        }
    }
}